// Jest Snapshot v1, https://goo.gl/fbAQLP

exports[`Variable renders snapshots 1`] = `
<ContextProvider
  value={
    Object {
      "json": null,
      "jsonPath": "",
      "jsonUploadTime": 0,
      "matchedPaths": Array [],
    }
  }
>
  <Variable
    name=""
    path=""
    type="string"
    value=""
  />
</ContextProvider>
`;
