// Jest Snapshot v1, https://goo.gl/fbAQLP

exports[`JSONPathInput renders snapshots 1`] = `
<ContextProvider
  value={
    Object {
      "json": null,
      "jsonPath": "",
      "jsonUploadTime": 0,
      "matchedPaths": Array [],
    }
  }
>
  <JSONPathInput />
</ContextProvider>
`;
