// Jest Snapshot v1, https://goo.gl/fbAQLP

exports[`ObjectArray renders snapshots 1`] = `
<Collapse
  isArray={true}
  name=""
  opened={true}
  path=""
  renderContent={[Function]}
/>
`;
