// Jest Snapshot v1, https://goo.gl/fbAQLP

exports[`JSONView renders snapshots 1`] = `
<ContextProvider
  value={
    Object {
      "json": null,
      "jsonPath": "",
    }
  }
>
  <JSONView />
</ContextProvider>
`;
