// Jest Snapshot v1, https://goo.gl/fbAQLP

exports[`App renders snapshots 1`] = `
<Component>
  <App />
</Component>
`;
