// Jest Snapshot v1, https://goo.gl/fbAQLP

exports[`App renders snapshots 1`] = `
<styled.h1>
  Test
</styled.h1>
`;
