// Jest Snapshot v1, https://goo.gl/fbAQLP

exports[`Collapse renders snapshots 1`] = `
<ContextProvider
  value={
    Object {
      "json": null,
      "jsonPath": "",
      "jsonUploadTime": 0,
      "matchedPaths": Array [],
    }
  }
>
  <Collapse
    name=""
    opened={true}
    path=""
    renderContent={[Function]}
  />
</ContextProvider>
`;
